warning: this expression creates a reference which is immediately dereferenced by the compiler
   --> src/application.rs:108:34
    |
108 |             .parameter_type(Some(&glib::VariantTy::STRING))
    |                                  ^^^^^^^^^^^^^^^^^^^^^^^^ help: change this to: `glib::VariantTy::STRING`
    |
    = help: for further information visit https://rust-lang.github.io/rust-clippy/master/index.html#needless_borrow
    = note: `#[warn(clippy::needless_borrow)]` on by default

warning: matching on `Some` with `ok()` is redundant
   --> src/application.rs:186:17
    |
186 |                 if let Some(uri) = glib::filename_to_uri(&log_dir, None).ok() {
    |                 ^^^^^^^^^^^^^^^^^^^^^^^^^^^^^^^^^^^^^^^^^^^^^^^^^^^^^^^^^^^^^
    |
    = help: for further information visit https://rust-lang.github.io/rust-clippy/master/index.html#match_result_ok
    = note: `#[warn(clippy::match_result_ok)]` on by default
help: consider matching on `Ok(uri)` and removing the call to `ok` instead
    |
186 -                 if let Some(uri) = glib::filename_to_uri(&log_dir, None).ok() {
186 +                 if let Ok(uri) = glib::filename_to_uri(&log_dir, None) {
    |

warning: the borrowed expression implements the required traits
   --> src/application.rs:245:33
    |
245 |             .translator_credits(&gettext("translator-credits"))
    |                                 ^^^^^^^^^^^^^^^^^^^^^^^^^^^^^^ help: change this to: `gettext("translator-credits")`
    |
    = help: for further information visit https://rust-lang.github.io/rust-clippy/master/index.html#needless_borrows_for_generic_args
    = note: `#[warn(clippy::needless_borrows_for_generic_args)]` on by default

warning: the borrowed expression implements the required traits
   --> src/application.rs:250:23
    |
250 | ...ts(&gettext("A graphical interface for Xray-core designed to simplify VPN and proxy configuration on Linux systems."))
    |       ^^^^^^^^^^^^^^^^^^^^^^^^^^^^^^^^^^^^^^^^^^^^^^^^^^^^^^^^^^^^^^^^^^^^^^^^^^^^^^^^^^^^^^^^^^^^^^^^^^^^^^^^^^^^^^^^^^ help: change this to: `gettext("A graphical interface for Xray-core designed to simplify VPN and proxy configuration on Linux systems.")`
    |
    = help: for further information visit https://rust-lang.github.io/rust-clippy/master/index.html#needless_borrows_for_generic_args

warning: this expression creates a reference which is immediately dereferenced by the compiler
  --> src/window.rs:49:61
   |
49 |                      self.view_stack.set_visible_child_name(&name);
   |                                                             ^^^^^ help: change this to: `name`
   |
   = help: for further information visit https://rust-lang.github.io/rust-clippy/master/index.html#needless_borrow

warning: this expression creates a reference which is immediately dereferenced by the compiler
   --> src/window.rs:103:63
    |
103 |                         imp.view_stack.set_visible_child_name(&page_name);
    |                                                               ^^^^^^^^^^ help: change this to: `page_name`
    |
    = help: for further information visit https://rust-lang.github.io/rust-clippy/master/index.html#needless_borrow

warning: you should consider adding a `Default` implementation for `VrxxVpnPage`
  --> src/ui/pages/vpn_page.rs:81:5
   |
81 | /     pub fn new() -> Self {
82 | |         glib::Object::builder().build()
83 | |     }
   | |_____^
   |
   = help: for further information visit https://rust-lang.github.io/rust-clippy/master/index.html#new_without_default
   = note: `#[warn(clippy::new_without_default)]` on by default
help: try adding this
   |
80 + impl Default for VrxxVpnPage {
81 +     fn default() -> Self {
82 +         Self::new()
83 +     }
84 + }
   |

warning: variables can be used directly in the `format!` string
   --> src/ui/pages/vpn_page.rs:231:32
    |
231 |                         "-x", &format!("socks5h://127.0.0.1:{}", socks_port),
    |                                ^^^^^^^^^^^^^^^^^^^^^^^^^^^^^^^^^^^^^^^^^^^^^
    |
    = help: for further information visit https://rust-lang.github.io/rust-clippy/master/index.html#uninlined_format_args
    = note: `#[warn(clippy::uninlined_format_args)]` on by default
help: change this to
    |
231 -                         "-x", &format!("socks5h://127.0.0.1:{}", socks_port),
231 +                         "-x", &format!("socks5h://127.0.0.1:{socks_port}"),
    |

warning: variables can be used directly in the `format!` string
   --> src/ui/pages/vpn_page.rs:256:69
    |
256 | ...                   item_clone.set_ping(format!("{} ms", ms));
    |                                           ^^^^^^^^^^^^^^^^^^^^
    |
    = help: for further information visit https://rust-lang.github.io/rust-clippy/master/index.html#uninlined_format_args
help: change this to
    |
256 -                                                 item_clone.set_ping(format!("{} ms", ms));
256 +                                                 item_clone.set_ping(format!("{ms} ms"));
    |

warning: variables can be used directly in the `format!` string
   --> src/ui/pages/vpn_page.rs:258:69
    |
258 | ...                   item_clone.set_ping(format!("{} ms", default_ping_ms));
    |                                           ^^^^^^^^^^^^^^^^^^^^^^^^^^^^^^^^^
    |
    = help: for further information visit https://rust-lang.github.io/rust-clippy/master/index.html#uninlined_format_args
help: change this to
    |
258 -                                                 item_clone.set_ping(format!("{} ms", default_ping_ms));
258 +                                                 item_clone.set_ping(format!("{default_ping_ms} ms"));
    |

warning: the borrowed expression implements the required traits
   --> src/ui/pages/vpn_page.rs:375:51
    |
375 | ... .body(&format!("The core process exited unexpectedly. Log details:\n\n{}", error_details))
    |           ^^^^^^^^^^^^^^^^^^^^^^^^^^^^^^^^^^^^^^^^^^^^^^^^^^^^^^^^^^^^^^^^^^^^^^^^^^^^^^^^^^^ help: change this to: `format!("The core process exited unexpectedly. Log details:\n\n{}", error_details)`
    |
    = help: for further information visit https://rust-lang.github.io/rust-clippy/master/index.html#needless_borrows_for_generic_args

warning: variables can be used directly in the `format!` string
   --> src/ui/pages/vpn_page.rs:375:52
    |
375 | ...   .body(&format!("The core process exited unexpectedly. Log details:\n\n{}", error_details))
    |              ^^^^^^^^^^^^^^^^^^^^^^^^^^^^^^^^^^^^^^^^^^^^^^^^^^^^^^^^^^^^^^^^^^^^^^^^^^^^^^^^^^
    |
    = help: for further information visit https://rust-lang.github.io/rust-clippy/master/index.html#uninlined_format_args
help: change this to
    |
375 -                                             .body(&format!("The core process exited unexpectedly. Log details:\n\n{}", error_details))
375 +                                             .body(&format!("The core process exited unexpectedly. Log details:\n\n{error_details}"))
    |

warning: variables can be used directly in the `format!` string
   --> src/ui/pages/vpn_page.rs:389:61
    |
389 | ...                   item.set_time_connected(format!("{:02}:{:02}:{:02}", hours, mins, secs));
    |                                               ^^^^^^^^^^^^^^^^^^^^^^^^^^^^^^^^^^^^^^^^^^^^^^^
    |
    = help: for further information visit https://rust-lang.github.io/rust-clippy/master/index.html#uninlined_format_args
help: change this to
    |
389 -                                     item.set_time_connected(format!("{:02}:{:02}:{:02}", hours, mins, secs));
389 +                                     item.set_time_connected(format!("{hours:02}:{mins:02}:{secs:02}"));
    |

warning: variables can be used directly in the `format!` string
   --> src/ui/pages/vpn_page.rs:465:56
    |
465 | ...                   "-x", &format!("socks5h://127.0.0.1:{}", socks_port),
    |                              ^^^^^^^^^^^^^^^^^^^^^^^^^^^^^^^^^^^^^^^^^^^^^
    |
    = help: for further information visit https://rust-lang.github.io/rust-clippy/master/index.html#uninlined_format_args
help: change this to
    |
465 -                                                 "-x", &format!("socks5h://127.0.0.1:{}", socks_port),
465 +                                                 "-x", &format!("socks5h://127.0.0.1:{socks_port}"),
    |

warning: variables can be used directly in the `format!` string
   --> src/ui/pages/vpn_page.rs:493:97
    |
493 | ...                   item_clone.set_ping(format!("{} ms", ms));
    |                                           ^^^^^^^^^^^^^^^^^^^^
    |
    = help: for further information visit https://rust-lang.github.io/rust-clippy/master/index.html#uninlined_format_args
help: change this to
    |
493 -                                                                             item_clone.set_ping(format!("{} ms", ms));
493 +                                                                             item_clone.set_ping(format!("{ms} ms"));
    |

warning: variables can be used directly in the `format!` string
   --> src/ui/pages/vpn_page.rs:495:97
    |
495 | ...                   item_clone.set_ping(format!("{} ms", default_ping_ms));
    |                                           ^^^^^^^^^^^^^^^^^^^^^^^^^^^^^^^^^
    |
    = help: for further information visit https://rust-lang.github.io/rust-clippy/master/index.html#uninlined_format_args
help: change this to
    |
495 -                                                                             item_clone.set_ping(format!("{} ms", default_ping_ms));
495 +                                                                             item_clone.set_ping(format!("{default_ping_ms} ms"));
    |

warning: variables can be used directly in the `format!` string
   --> src/ui/pages/vpn_page.rs:517:89
    |
517 | ...                   item_clone.set_ping(format!("{} ms", ms));
    |                                           ^^^^^^^^^^^^^^^^^^^^
    |
    = help: for further information visit https://rust-lang.github.io/rust-clippy/master/index.html#uninlined_format_args
help: change this to
    |
517 -                                                                     item_clone.set_ping(format!("{} ms", ms));
517 +                                                                     item_clone.set_ping(format!("{ms} ms"));
    |

warning: variables can be used directly in the `format!` string
   --> src/ui/pages/vpn_page.rs:522:85
    |
522 | ...                   item_clone.set_ping(format!("{} ms", default_ping_ms));
    |                                           ^^^^^^^^^^^^^^^^^^^^^^^^^^^^^^^^^
    |
    = help: for further information visit https://rust-lang.github.io/rust-clippy/master/index.html#uninlined_format_args
help: change this to
    |
522 -                                                                 item_clone.set_ping(format!("{} ms", default_ping_ms));
522 +                                                                 item_clone.set_ping(format!("{default_ping_ms} ms"));
    |

warning: variables can be used directly in the `format!` string
   --> src/ui/pages/vpn_page.rs:625:57
    |
625 |                 crate::backend::log_app_event("error", &format!("Failed to start backend: {}", e));
    |                                                         ^^^^^^^^^^^^^^^^^^^^^^^^^^^^^^^^^^^^^^^^^
    |
    = help: for further information visit https://rust-lang.github.io/rust-clippy/master/index.html#uninlined_format_args
help: change this to
    |
625 -                 crate::backend::log_app_event("error", &format!("Failed to start backend: {}", e));
625 +                 crate::backend::log_app_event("error", &format!("Failed to start backend: {e}"));
    |

warning: the borrowed expression implements the required traits
   --> src/ui/pages/vpn_page.rs:634:27
    |
634 |                     .body(&e.to_string())
    |                           ^^^^^^^^^^^^^^ help: change this to: `e.to_string()`
    |
    = help: for further information visit https://rust-lang.github.io/rust-clippy/master/index.html#needless_borrows_for_generic_args

warning: the borrowed expression implements the required traits
   --> src/ui/pages/vpn_page.rs:763:77
    |
763 | ..."Port")).text(&parsed.port.to_string()).build();
    |                  ^^^^^^^^^^^^^^^^^^^^^^^^ help: change this to: `parsed.port.to_string()`
    |
    = help: for further information visit https://rust-lang.github.io/rust-clippy/master/index.html#needless_borrows_for_generic_args

warning: variables can be used directly in the `format!` string
   --> src/ui/pages/vpn_page.rs:859:19
    |
859 |             .body(format!("Are you sure you want to delete '{}'?", key_name))
    |                   ^^^^^^^^^^^^^^^^^^^^^^^^^^^^^^^^^^^^^^^^^^^^^^^^^^^^^^^^^^
    |
    = help: for further information visit https://rust-lang.github.io/rust-clippy/master/index.html#uninlined_format_args
help: change this to
    |
859 -             .body(format!("Are you sure you want to delete '{}'?", key_name))
859 +             .body(format!("Are you sure you want to delete '{key_name}'?"))
    |

warning: this `map_or` can be simplified
   --> src/ui/pages/vpn_page.rs:882:46
    |
882 | ...                   let was_active = item.map_or(false, |it| it.is_active());
    |                                        ^^^^^^^^^^^^^^^^^^^^^^^^^^^^^^^^^^^^^^^
    |
    = help: for further information visit https://rust-lang.github.io/rust-clippy/master/index.html#unnecessary_map_or
    = note: `#[warn(clippy::unnecessary_map_or)]` on by default
help: use is_some_and instead
    |
882 -                             let was_active = item.map_or(false, |it| it.is_active());
882 +                             let was_active = item.is_some_and(|it| it.is_active());
    |

warning: variables can be used directly in the `format!` string
   --> src/ui/pages/vpn_page.rs:993:33
    |
993 | ...                   eprintln!("Failed to parse key: {}", e);
    |                       ^^^^^^^^^^^^^^^^^^^^^^^^^^^^^^^^^^^^^^^
    |
    = help: for further information visit https://rust-lang.github.io/rust-clippy/master/index.html#uninlined_format_args
help: change this to
    |
993 -                                 eprintln!("Failed to parse key: {}", e);
993 +                                 eprintln!("Failed to parse key: {e}");
    |

warning: variables can be used directly in the `format!` string
    --> src/ui/pages/vpn_page.rs:1029:37
     |
1029 | ...                   eprintln!("Failed to parse key from clipboard: {}", e);
     |                       ^^^^^^^^^^^^^^^^^^^^^^^^^^^^^^^^^^^^^^^^^^^^^^^^^^^^^^
     |
     = help: for further information visit https://rust-lang.github.io/rust-clippy/master/index.html#uninlined_format_args
help: change this to
     |
1029 -                                     eprintln!("Failed to parse key from clipboard: {}", e);
1029 +                                     eprintln!("Failed to parse key from clipboard: {e}");
     |

warning: variables can be used directly in the `format!` string
    --> src/ui/pages/vpn_page.rs:1053:57
     |
1053 |                 crate::backend::log_app_event("error", &format!("Error stopping backend: {}", e));
     |                                                         ^^^^^^^^^^^^^^^^^^^^^^^^^^^^^^^^^^^^^^^^
     |
     = help: for further information visit https://rust-lang.github.io/rust-clippy/master/index.html#uninlined_format_args
help: change this to
     |
1053 -                 crate::backend::log_app_event("error", &format!("Error stopping backend: {}", e));
1053 +                 crate::backend::log_app_event("error", &format!("Error stopping backend: {e}"));
     |

warning: variables can be used directly in the `format!` string
    --> src/ui/pages/vpn_page.rs:1054:17
     |
1054 |                 eprintln!("Error stopping backend: {}", e);
     |                 ^^^^^^^^^^^^^^^^^^^^^^^^^^^^^^^^^^^^^^^^^^
     |
     = help: for further information visit https://rust-lang.github.io/rust-clippy/master/index.html#uninlined_format_args
help: change this to
     |
1054 -                 eprintln!("Error stopping backend: {}", e);
1054 +                 eprintln!("Error stopping backend: {e}");
     |

warning: you should consider adding a `Default` implementation for `VrxxProxyPage`
  --> src/ui/pages/proxy_page.rs:61:5
   |
61 | /     pub fn new() -> Self {
62 | |         glib::Object::builder().build()
63 | |     }
   | |_____^
   |
   = help: for further information visit https://rust-lang.github.io/rust-clippy/master/index.html#new_without_default
help: try adding this
   |
60 + impl Default for VrxxProxyPage {
61 +     fn default() -> Self {
62 +         Self::new()
63 +     }
64 + }
   |

warning: you should consider adding a `Default` implementation for `VrxxWhitelistPage`
  --> src/ui/pages/whitelist_page.rs:75:5
   |
75 | /     pub fn new() -> Self {
76 | |         glib::Object::builder().build()
77 | |     }
   | |_____^
   |
   = help: for further information visit https://rust-lang.github.io/rust-clippy/master/index.html#new_without_default
help: try adding this
   |
74 + impl Default for VrxxWhitelistPage {
75 +     fn default() -> Self {
76 +         Self::new()
77 +     }
78 + }
   |

warning: the borrowed expression implements the required traits
   --> src/ui/pages/whitelist_page.rs:152:31
    |
152 |                 .tooltip_text(&gettext("Delete"))
    |                               ^^^^^^^^^^^^^^^^^^ help: change this to: `gettext("Delete")`
    |
    = help: for further information visit https://rust-lang.github.io/rust-clippy/master/index.html#needless_borrows_for_generic_args

warning: variables can be used directly in the `format!` string
   --> src/ui/pages/whitelist_page.rs:176:60
    |
176 |                         if let Ok(re) = regex::Regex::new(&format!("^{}$", pattern)) {
    |                                                            ^^^^^^^^^^^^^^^^^^^^^^^^
    |
    = help: for further information visit https://rust-lang.github.io/rust-clippy/master/index.html#uninlined_format_args
help: change this to
    |
176 -                         if let Ok(re) = regex::Regex::new(&format!("^{}$", pattern)) {
176 +                         if let Ok(re) = regex::Regex::new(&format!("^{pattern}$")) {
    |

warning: the borrowed expression implements the required traits
   --> src/ui/pages/whitelist_page.rs:379:20
    |
379 |             .title(&gettext("Domain"))
    |                    ^^^^^^^^^^^^^^^^^^ help: change this to: `gettext("Domain")`
    |
    = help: for further information visit https://rust-lang.github.io/rust-clippy/master/index.html#needless_borrows_for_generic_args

warning: the borrowed expression implements the required traits
   --> src/ui/pages/whitelist_page.rs:395:19
    |
395 |             .body(&gettext("Enter the domain address or rule (e.g. google.com, domain:vk.com, *.ru)"))
    |                   ^^^^^^^^^^^^^^^^^^^^^^^^^^^^^^^^^^^^^^^^^^^^^^^^^^^^^^^^^^^^^^^^^^^^^^^^^^^^^^^^^^^ help: change this to: `gettext("Enter the domain address or rule (e.g. google.com, domain:vk.com, *.ru)")`
    |
    = help: for further information visit https://rust-lang.github.io/rust-clippy/master/index.html#needless_borrows_for_generic_args

warning: this `map_or` can be simplified
   --> src/ui/pages/whitelist_page.rs:439:60
    |
439 | ...   if obj.domain() == text && target_obj_clone.as_ref().map_or(true, |to| to.domain() != text) {
    |                                  ^^^^^^^^^^^^^^^^^^^^^^^^^^^^^^^^^^^^^^^^^^^^^^^^^^^^^^^^^^^^^^^^
    |
    = help: for further information visit https://rust-lang.github.io/rust-clippy/master/index.html#unnecessary_map_or
help: use is_none_or instead
    |
439 -                                 if obj.domain() == text && target_obj_clone.as_ref().map_or(true, |to| to.domain() != text) {
439 +                                 if obj.domain() == text && target_obj_clone.as_ref().is_none_or(|to| to.domain() != text) {
    |

warning: you should consider adding a `Default` implementation for `VrxxSettingsPage`
  --> src/ui/pages/settings_page.rs:89:5
   |
89 | /     pub fn new() -> Self {
90 | |         glib::Object::builder().build()
91 | |     }
   | |_____^
   |
   = help: for further information visit https://rust-lang.github.io/rust-clippy/master/index.html#new_without_default
help: try adding this
   |
88 + impl Default for VrxxSettingsPage {
89 +     fn default() -> Self {
90 +         Self::new()
91 +     }
92 + }
   |

warning: variables can be used directly in the `format!` string
   --> src/ui/pages/settings_page.rs:332:23
    |
332 |             Err(_) => format!("{} не найден", bin_name),
    |                       ^^^^^^^^^^^^^^^^^^^^^^^^^^^^^^^^^
    |
    = help: for further information visit https://rust-lang.github.io/rust-clippy/master/index.html#uninlined_format_args
help: change this to
    |
332 -             Err(_) => format!("{} не найден", bin_name),
332 +             Err(_) => format!("{bin_name} не найден"),
    |

warning: you should consider adding a `Default` implementation for `VrxxVpnKeyRow`
  --> src/ui/components/vpn_key_row.rs:80:5
   |
80 | /     pub fn new() -> Self {
81 | |         glib::Object::builder().build()
82 | |     }
   | |_____^
   |
   = help: for further information visit https://rust-lang.github.io/rust-clippy/master/index.html#new_without_default
help: try adding this
   |
79 + impl Default for VrxxVpnKeyRow {
80 +     fn default() -> Self {
81 +         Self::new()
82 +     }
83 + }
   |

warning: you should consider adding a `Default` implementation for `VrxxThemeSwitcher`
  --> src/ui/components/theme_switcher.rs:37:5
   |
37 | /     pub fn new() -> Self {
38 | |         glib::Object::builder().build()
39 | |     }
   | |_____^
   |
   = help: for further information visit https://rust-lang.github.io/rust-clippy/master/index.html#new_without_default
help: try adding this
   |
36 + impl Default for VrxxThemeSwitcher {
37 +     fn default() -> Self {
38 +         Self::new()
39 +     }
40 + }
   |

warning: you should consider adding a `Default` implementation for `VrxxLogWindow`
   --> src/ui/components/log_window.rs:119:5
    |
119 | /     pub fn new() -> Self {
120 | |         glib::Object::builder().build()
121 | |     }
    | |_____^
    |
    = help: for further information visit https://rust-lang.github.io/rust-clippy/master/index.html#new_without_default
help: try adding this
    |
118 + impl Default for VrxxLogWindow {
119 +     fn default() -> Self {
120 +         Self::new()
121 +     }
122 + }
    |

warning: variables can be used directly in the `format!` string
  --> src/backend.rs:48:64
   |
48 | ...| log_app_event("error", &format!("Failed to stop previous process: {}", e)));
   |                              ^^^^^^^^^^^^^^^^^^^^^^^^^^^^^^^^^^^^^^^^^^^^^^^^^
   |
   = help: for further information visit https://rust-lang.github.io/rust-clippy/master/index.html#uninlined_format_args
help: change this to
   |
48 -         self.stop().unwrap_or_else(|e| log_app_event("error", &format!("Failed to stop previous process: {}", e)));
48 +         self.stop().unwrap_or_else(|e| log_app_event("error", &format!("Failed to stop previous process: {e}")));
   |

warning: variables can be used directly in the `format!` string
  --> src/backend.rs:62:26
   |
62 |             .map_err(|e| anyhow!("Mutex lock failed: {}", e))?;
   |                          ^^^^^^^^^^^^^^^^^^^^^^^^^^^^^^^^^^^
   |
   = help: for further information visit https://rust-lang.github.io/rust-clippy/master/index.html#uninlined_format_args
help: change this to
   |
62 -             .map_err(|e| anyhow!("Mutex lock failed: {}", e))?;
62 +             .map_err(|e| anyhow!("Mutex lock failed: {e}"))?;
   |

warning: variables can be used directly in the `format!` string
  --> src/backend.rs:81:24
   |
81 | ...rr(anyhow!("Ядро {} не найдено в системе.\n\nПожалуйста, установите его (например, через ваш пакетный менеджер) или выберите другое ядро в Настройках.", bin_name));
   |       ^^^^^^^^^^^^^^^^^^^^^^^^^^^^^^^^^^^^^^^^^^^^^^^^^^^^^^^^^^^^^^^^^^^^^^^^^^^^^^^^^^^^^^^^^^^^^^^^^^^^^^^^^^^^^^^^^^^^^^^^^^^^^^^^^^^^^^^^^^^^^^^^^^^^^^^^^^^^^^^
   |
   = help: for further information visit https://rust-lang.github.io/rust-clippy/master/index.html#uninlined_format_args
help: change this to
   |
81 -             return Err(anyhow!("Ядро {} не найдено в системе.\n\nПожалуйста, установите его (например, через ваш пакетный менеджер) или выберите другое ядро в Настройках.", bin_name));
81 +             return Err(anyhow!("Ядро {bin_name} не найдено в системе.\n\nПожалуйста, установите его (например, через ваш пакетный менеджер) или выберите другое ядро в Настройках."));
   |

warning: the borrowed expression implements the required traits
  --> src/backend.rs:85:56
   |
85 |             let which_core = Command::new("which").arg(&bin_name).output();
   |                                                        ^^^^^^^^^ help: change this to: `bin_name`
   |
   = help: for further information visit https://rust-lang.github.io/rust-clippy/master/index.html#needless_borrows_for_generic_args

warning: variables can be used directly in the `format!` string
  --> src/backend.rs:99:28
   |
99 | ...rr(anyhow!("Режим TUN включен, но ядро {} не имеет необходимых прав (cap_net_admin).\n\nВыполните в терминале:\nsudo setcap cap_net_admin=ep {}", bin_name, core_path));
   |       ^^^^^^^^^^^^^^^^^^^^^^^^^^^^^^^^^^^^^^^^^^^^^^^^^^^^^^^^^^^^^^^^^^^^^^^^^^^^^^^^^^^^^^^^^^^^^^^^^^^^^^^^^^^^^^^^^^^^^^^^^^^^^^^^^^^^^^^^^^^^^^^^^^^^^^^^^^^^^^^^^^^
   |
   = help: for further information visit https://rust-lang.github.io/rust-clippy/master/index.html#uninlined_format_args
help: change this to
   |
99 -                 return Err(anyhow!("Режим TUN включен, но ядро {} не имеет необходимых прав (cap_net_admin).\n\nВыполните в терминале:\nsudo setcap cap_net_admin=ep {}", bin_name, core_path));
99 +                 return Err(anyhow!("Режим TUN включен, но ядро {bin_name} не имеет необходимых прав (cap_net_admin).\n\nВыполните в терминале:\nsudo setcap cap_net_admin=ep {core_path}"));
   |

warning: variables can be used directly in the `format!` string
   --> src/backend.rs:113:22
    |
113 |             .context(format!("Failed to start {}", bin_name))?;
    |                      ^^^^^^^^^^^^^^^^^^^^^^^^^^^^^^^^^^^^^^^
    |
    = help: for further information visit https://rust-lang.github.io/rust-clippy/master/index.html#uninlined_format_args
help: change this to
    |
113 -             .context(format!("Failed to start {}", bin_name))?;
113 +             .context(format!("Failed to start {bin_name}"))?;
    |

warning: variables can be used directly in the `format!` string
   --> src/backend.rs:194:65
    |
194 |         let mut process_guard = self.process.lock().map_err(|e| anyhow!("Mutex lock failed: {}", e))?;
    |                                                                 ^^^^^^^^^^^^^^^^^^^^^^^^^^^^^^^^^^^
    |
    = help: for further information visit https://rust-lang.github.io/rust-clippy/master/index.html#uninlined_format_args
help: change this to
    |
194 -         let mut process_guard = self.process.lock().map_err(|e| anyhow!("Mutex lock failed: {}", e))?;
194 +         let mut process_guard = self.process.lock().map_err(|e| anyhow!("Mutex lock failed: {e}"))?;
    |

warning: variables can be used directly in the `format!` string
   --> src/backend.rs:201:65
    |
201 |         let mut process_guard = self.process.lock().map_err(|e| anyhow!("Mutex lock failed: {}", e))?;
    |                                                                 ^^^^^^^^^^^^^^^^^^^^^^^^^^^^^^^^^^^
    |
    = help: for further information visit https://rust-lang.github.io/rust-clippy/master/index.html#uninlined_format_args
help: change this to
    |
201 -         let mut process_guard = self.process.lock().map_err(|e| anyhow!("Mutex lock failed: {}", e))?;
201 +         let mut process_guard = self.process.lock().map_err(|e| anyhow!("Mutex lock failed: {e}"))?;
    |

warning: variables can be used directly in the `format!` string
   --> src/backend.rs:229:68
    |
229 |         let mut config_guard = self.config_file.lock().map_err(|e| anyhow!("Mutex lock failed: {}", e))?;
    |                                                                    ^^^^^^^^^^^^^^^^^^^^^^^^^^^^^^^^^^^
    |
    = help: for further information visit https://rust-lang.github.io/rust-clippy/master/index.html#uninlined_format_args
help: change this to
    |
229 -         let mut config_guard = self.config_file.lock().map_err(|e| anyhow!("Mutex lock failed: {}", e))?;
229 +         let mut config_guard = self.config_file.lock().map_err(|e| anyhow!("Mutex lock failed: {e}"))?;
    |

warning: variables can be used directly in the `format!` string
  --> src/key_parser.rs:28:29
   |
28 |         other => return Err(format!("Unsupported protocol: {}", other)),
   |                             ^^^^^^^^^^^^^^^^^^^^^^^^^^^^^^^^^^^^^^^^^^
   |
   = help: for further information visit https://rust-lang.github.io/rust-clippy/master/index.html#uninlined_format_args
help: change this to
   |
28 -         other => return Err(format!("Unsupported protocol: {}", other)),
28 +         other => return Err(format!("Unsupported protocol: {other}")),
   |

warning: variables can be used directly in the `format!` string
  --> src/key_parser.rs:38:28
   |
38 |         .unwrap_or_else(|| format!("{}:{}", host, port));
   |                            ^^^^^^^^^^^^^^^^^^^^^^^^^^^^
   |
   = help: for further information visit https://rust-lang.github.io/rust-clippy/master/index.html#uninlined_format_args
help: change this to
   |
38 -         .unwrap_or_else(|| format!("{}:{}", host, port));
38 +         .unwrap_or_else(|| format!("{host}:{port}"));
   |

warning: using `Option.and_then(|x| Some(y))`, which is more succinctly expressed as `map(|x| y)`
  --> src/key_parser.rs:67:20
   |
67 |           let port = json.get("port").and_then(|v| {
   |  ____________________^
68 | |             if v.is_string() {
69 | |                 Some(v.as_str().unwrap_or("443").parse::<u16>().unwrap_or(443))
70 | |             } else {
...  |
73 | |         }).unwrap_or(443);
   | |__________^
   |
   = help: for further information visit https://rust-lang.github.io/rust-clippy/master/index.html#bind_instead_of_map
   = note: `#[warn(clippy::bind_instead_of_map)]` on by default
help: use `map` instead
   |
67 ~         let port = json.get("port").map(|v| {
68 |             if v.is_string() {
69 ~                 v.as_str().unwrap_or("443").parse::<u16>().unwrap_or(443)
70 |             } else {
71 ~                 v.as_u64().unwrap_or(443) as u16
   |

warning: variables can be used directly in the `format!` string
   --> src/key_parser.rs:116:16
    |
116 |         return format!("vmess://{}", encoded);
    |                ^^^^^^^^^^^^^^^^^^^^^^^^^^^^^^
    |
    = help: for further information visit https://rust-lang.github.io/rust-clippy/master/index.html#uninlined_format_args
help: change this to
    |
116 -         return format!("vmess://{}", encoded);
116 +         return format!("vmess://{encoded}");
    |

warning: variables can be used directly in the `format!` string
   --> src/xray_config.rs:269:30
    |
269 |                 domains.push(format!("regexp:{}$", pattern));
    |                              ^^^^^^^^^^^^^^^^^^^^^^^^^^^^^^
    |
    = help: for further information visit https://rust-lang.github.io/rust-clippy/master/index.html#uninlined_format_args
help: change this to
    |
269 -                 domains.push(format!("regexp:{}$", pattern));
269 +                 domains.push(format!("regexp:{pattern}$"));
    |

warning: variables can be used directly in the `format!` string
   --> src/xray_config.rs:271:30
    |
271 |                 domains.push(format!("domain:{}", d));
    |                              ^^^^^^^^^^^^^^^^^^^^^^^
    |
    = help: for further information visit https://rust-lang.github.io/rust-clippy/master/index.html#uninlined_format_args
help: change this to
    |
271 -                 domains.push(format!("domain:{}", d));
271 +                 domains.push(format!("domain:{d}"));
    |

    Checking vrxx v0.1.5 (/home/mihail/Developer/builder/vrxx)
warning: `vrxx` (bin "vrxx") generated 54 warnings (run `cargo clippy --fix --bin "vrxx"` to apply 54 suggestions)
warning: the borrowed expression implements the required traits
   --> src/application.rs:250:23
    |
250 |             .comments(&gettext("A graphical interface for Xray-core designed to simplify VPN and proxy configuration on Linux systems."))
    |                       ^^^^^^^^^^^^^^^^^^^^^^^^^^^^^^^^^^^^^^^^^^^^^^^^^^^^^^^^^^^^^^^^^^^^^^^^^^^^^^^^^^^^^^^^^^^^^^^^^^^^^^^^^^^^^^^^^^ help: change this to: `gettext("A graphical interface for Xray-core designed to simplify VPN and proxy configuration on Linux systems.")`
    |
    = help: for further information visit https://rust-lang.github.io/rust-clippy/master/index.html#needless_borrows_for_generic_args

warning: the borrowed expression implements the required traits
   --> src/ui/pages/vpn_page.rs:375:51
    |
375 | ...                   .body(&format!("The core process exited unexpectedly. Log details:\n\n{}", error_details))
    |                             ^^^^^^^^^^^^^^^^^^^^^^^^^^^^^^^^^^^^^^^^^^^^^^^^^^^^^^^^^^^^^^^^^^^^^^^^^^^^^^^^^^^ help: change this to: `format!("The core process exited unexpectedly. Log details:\n\n{}", error_details)`
    |
    = help: for further information visit https://rust-lang.github.io/rust-clippy/master/index.html#needless_borrows_for_generic_args

warning: variables can be used directly in the `format!` string
   --> src/ui/pages/vpn_page.rs:375:52
    |
375 | ...                   .body(&format!("The core process exited unexpectedly. Log details:\n\n{}", error_details))
    |                              ^^^^^^^^^^^^^^^^^^^^^^^^^^^^^^^^^^^^^^^^^^^^^^^^^^^^^^^^^^^^^^^^^^^^^^^^^^^^^^^^^^
    |
    = help: for further information visit https://rust-lang.github.io/rust-clippy/master/index.html#uninlined_format_args
help: change this to
    |
375 -                                             .body(&format!("The core process exited unexpectedly. Log details:\n\n{}", error_details))
375 +                                             .body(&format!("The core process exited unexpectedly. Log details:\n\n{error_details}"))
    |

warning: the borrowed expression implements the required traits
   --> src/ui/pages/vpn_page.rs:763:77
    |
763 |         let port_row = adw::EntryRow::builder().title(gettext("Port")).text(&parsed.port.to_string()).build();
    |                                                                             ^^^^^^^^^^^^^^^^^^^^^^^^ help: change this to: `parsed.port.to_string()`
    |
    = help: for further information visit https://rust-lang.github.io/rust-clippy/master/index.html#needless_borrows_for_generic_args

warning: this `map_or` can be simplified
   --> src/ui/pages/whitelist_page.rs:439:60
    |
439 | ...                   if obj.domain() == text && target_obj_clone.as_ref().map_or(true, |to| to.domain() != text) {
    |                                                  ^^^^^^^^^^^^^^^^^^^^^^^^^^^^^^^^^^^^^^^^^^^^^^^^^^^^^^^^^^^^^^^^
    |
    = help: for further information visit https://rust-lang.github.io/rust-clippy/master/index.html#unnecessary_map_or
help: use is_none_or instead
    |
439 -                                 if obj.domain() == text && target_obj_clone.as_ref().map_or(true, |to| to.domain() != text) {
439 +                                 if obj.domain() == text && target_obj_clone.as_ref().is_none_or(|to| to.domain() != text) {
    |

warning: variables can be used directly in the `format!` string
  --> src/backend.rs:48:64
   |
48 |         self.stop().unwrap_or_else(|e| log_app_event("error", &format!("Failed to stop previous process: {}", e)));
   |                                                                ^^^^^^^^^^^^^^^^^^^^^^^^^^^^^^^^^^^^^^^^^^^^^^^^^
   |
   = help: for further information visit https://rust-lang.github.io/rust-clippy/master/index.html#uninlined_format_args
help: change this to
   |
48 -         self.stop().unwrap_or_else(|e| log_app_event("error", &format!("Failed to stop previous process: {}", e)));
48 +         self.stop().unwrap_or_else(|e| log_app_event("error", &format!("Failed to stop previous process: {e}")));
   |

warning: `vrxx` (bin "vrxx" test) generated 54 warnings (48 duplicates) (run `cargo clippy --fix --bin "vrxx" --tests` to apply 6 suggestions)
    Finished `dev` profile [unoptimized + debuginfo] target(s) in 2.23s
